// Jest Snapshot v1, https://goo.gl/fbAQLP

exports[`Dashboard componenet renders correctly 1`] = `
<div>
  <h1>
    Home
  </h1>
  <nav>
    <a
      href="/"
      onClick={[Function]}
    >
      Home
    </a>
     | 
    <a
      href="/user"
      onClick={[Function]}
    >
      Users
    </a>
     | 
    <a
      href="/login"
      onClick={[Function]}
    >
       Login
    </a>
  </nav>
</div>
`;
