// Jest Snapshot v1, https://goo.gl/fbAQLP

exports[`Login componenet renders correctly 1`] = `
Array [
  <h1>
    Login
  </h1>,
  <a
    href="/"
    onClick={[Function]}
  >
    Go back
  </a>,
]
`;
